
Discarded input sections

 .group         0x00000000        0xc C:\Users\michael\AppData\Local\Temp\ccwQxKxm.o

Memory Configuration

Name             Origin             Length             Attributes
RAM              0x20000000         0x00002000         xrw
FLASH_VECTAB     0x08001000         0x000000c0         xr
FLASH            0x080010c0         0x0000f720         xr
EEPROM           0x0800f800         0x00000800         xr
FILE_NAME        0x0800f7e0         0x00000020         xr
*default*        0x00000000         0xffffffff

Linker script and memory map

LOAD C:\Users\michael\AppData\Local\Temp\cciz7vyd.o
LOAD C:\Users\michael\AppData\Local\Temp\ccwQxKxm.o
                0x20002000                        _estack = (ORIGIN (RAM) + LENGTH (RAM))
                0x00000200                        _Min_Heap_Size = 0x200
                0x00000400                        _Min_Stack_size = 0x400

.isr_vector     0x08001000       0xbc
                0x08001000                        . = ALIGN (0x4)
 *(.isr_vector)
 .isr_vector    0x08001000       0xbc C:\Users\michael\AppData\Local\Temp\cciz7vyd.o
                0x08001000                g_pfnVectors
                0x080010bc                        . = ALIGN (0x4)

.text           0x080010c0       0x84
                0x080010c0                        . = ALIGN (0x4)
 *(.text)
 .text          0x080010c0       0x14 C:\Users\michael\AppData\Local\Temp\cciz7vyd.o
 .text          0x080010d4       0x24 C:\Users\michael\AppData\Local\Temp\ccwQxKxm.o
                0x080010d4                main
 *(.text*)
 .text.Reset_Handler
                0x080010f8       0x48 C:\Users\michael\AppData\Local\Temp\cciz7vyd.o
                0x080010f8                Reset_Handler
 .text.Default_Handler
                0x08001140        0x2 C:\Users\michael\AppData\Local\Temp\cciz7vyd.o
                0x08001140                TIM1_CC_IRQHandler
                0x08001140                HardFault_Handler
                0x08001140                SysTick_Handler
                0x08001140                PVD_IRQHandler
                0x08001140                PendSV_Handler
                0x08001140                NMI_Handler
                0x08001140                I2C1_IRQHandler
                0x08001140                LPTIM2_IRQHandler
                0x08001140                RTC_TAMP_IRQHandler
                0x08001140                SPI1_IRQHandler
                0x08001140                DMA1_Ch4_5_DMAMUX1_OVR_IRQHandler
                0x08001140                EXTI2_3_IRQHandler
                0x08001140                ADC1_IRQHandler
                0x08001140                I2C2_IRQHandler
                0x08001140                TIM17_IRQHandler
                0x08001140                TIM16_IRQHandler
                0x08001140                TIM3_IRQHandler
                0x08001140                EXTI4_15_IRQHandler
                0x08001140                RCC_IRQHandler
                0x08001140                DMA1_Channel1_IRQHandler
                0x08001140                Default_Handler
                0x08001140                TIM14_IRQHandler
                0x08001140                EXTI0_1_IRQHandler
                0x08001140                SPI2_IRQHandler
                0x08001140                SVC_Handler
                0x08001140                WWDG_IRQHandler
                0x08001140                LPUART1_IRQHandler
                0x08001140                TIM2_IRQHandler
                0x08001140                DMA1_Channel2_3_IRQHandler
                0x08001140                USART2_IRQHandler
                0x08001140                FLASH_IRQHandler
                0x08001140                USART1_IRQHandler
                0x08001140                TIM1_BRK_UP_TRG_COM_IRQHandler
                0x08001140                LPTIM1_IRQHandler
 *(.glue_7)
 .glue_7        0x08001142        0x0 linker stubs
 *(.glue_7t)
 .glue_7t       0x08001142        0x0 linker stubs
 *(.eh_frame)
 *(.init)
 *(.fini)
                0x08001144                        . = ALIGN (0x4)
 *fill*         0x08001142        0x2 
                0x08001144                        _etext = .

.vfp11_veneer   0x08001144        0x0
 .vfp11_veneer  0x08001144        0x0 linker stubs

.v4_bx          0x08001144        0x0
 .v4_bx         0x08001144        0x0 linker stubs

.iplt           0x08001144        0x0
 .iplt          0x08001144        0x0 C:\Users\michael\AppData\Local\Temp\cciz7vyd.o

.rel.dyn        0x08001144        0x0
 .rel.iplt      0x08001144        0x0 C:\Users\michael\AppData\Local\Temp\cciz7vyd.o

.rodata         0x08001144        0x0
                0x08001144                        . = ALIGN (0x4)
 *(.rodata)
 *(.rodata*)
                0x08001144                        . = ALIGN (0x4)

.ARM.extab      0x08001144        0x0
                0x08001144                        . = ALIGN (0x4)
 *(.ARM.extab* .gnu.linkonce.armextab.*)
                0x08001144                        . = ALIGN (0x4)

.ARM            0x08001144        0x0
                0x08001144                        . = ALIGN (0x4)
                0x08001144                        __exidx_start = .
 *(.ARM.exidx*)
                0x08001144                        __exidx_end = .
                0x08001144                        . = ALIGN (0x4)

.preinit_array  0x08001144        0x0
                0x08001144                        . = ALIGN (0x4)
                [!provide]                        PROVIDE (__preinit_array_start = .)
 *(.preinit_array*)
                [!provide]                        PROVIDE (__preinit_array_end = .)
                0x08001144                        . = ALIGN (0x4)

.init_array     0x08001144        0x0
                0x08001144                        . = ALIGN (0x4)
                [!provide]                        PROVIDE (__init_array_start = .)
 *(SORT_BY_NAME(.init_array.*))
 *(.init_array*)
                [!provide]                        PROVIDE (__init_array_end = .)
                0x08001144                        . = ALIGN (0x4)

.fini_array     0x08001144        0x0
                0x08001144                        . = ALIGN (0x4)
                [!provide]                        PROVIDE (__fini_array_start = .)
 *(SORT_BY_NAME(.fini_array.*))
 *(.fini_array*)
                [!provide]                        PROVIDE (__fini_array_end = .)
                0x08001144                        . = ALIGN (0x4)

.file_name      0x0800f7e0        0x0
                0x0800f7e0                        . = ALIGN (0x4)
 *(.file_name)
                0x0800f7e0                        . = ALIGN (0x4)
                0x08001144                        _sidata = LOADADDR (.data)

.data           0x20000000        0x4 load address 0x08001144
                0x20000000                        . = ALIGN (0x4)
                0x20000000                        _sdata = .
 *(.data)
 .data          0x20000000        0x0 C:\Users\michael\AppData\Local\Temp\cciz7vyd.o
 .data          0x20000000        0x4 C:\Users\michael\AppData\Local\Temp\ccwQxKxm.o
                0x20000000                data_placeholder
 *(.data*)
                0x20000004                        . = ALIGN (0x4)
                0x20000004                        _edata = .

.igot.plt       0x20000004        0x0 load address 0x08001148
 .igot.plt      0x20000004        0x0 C:\Users\michael\AppData\Local\Temp\cciz7vyd.o
                0x20000004                        . = ALIGN (0x4)

.bss            0x20000004        0x4 load address 0x08001148
                0x20000004                        _sbss = .
                0x20000004                        __bss_start__ = _sbss
 *(.bss)
 .bss           0x20000004        0x0 C:\Users\michael\AppData\Local\Temp\cciz7vyd.o
 .bss           0x20000004        0x4 C:\Users\michael\AppData\Local\Temp\ccwQxKxm.o
                0x20000004                bss_placeholder
 *(.bss*)
 *(COMMON)
                0x20000008                        . = ALIGN (0x4)
                0x20000008                        _ebss = .
                0x20000008                        __bss_end__ = _ebss

._user_heap_stack
                0x20000008      0x600 load address 0x08001148
                0x20000008                        . = ALIGN (0x8)
                [!provide]                        PROVIDE (end = .)
                [!provide]                        PROVIDE (_end = .)
                0x20000208                        . = (. + _Min_Heap_Size)
 *fill*         0x20000008      0x200 
                0x20000608                        . = (. + _Min_Stack_size)
 *fill*         0x20000208      0x400 
                0x20000608                        . = ALIGN (0x8)

/DISCARD/
 libc.a(*)
 libm.a(*)
 libgcc.a(*)

.ARM.attributes
                0x00000000       0x2e
 *(.ARM.attributes)
 .ARM.attributes
                0x00000000       0x22 C:\Users\michael\AppData\Local\Temp\cciz7vyd.o
 .ARM.attributes
                0x00000022       0x2c C:\Users\michael\AppData\Local\Temp\ccwQxKxm.o
OUTPUT(firmware.elf elf32-littlearm)
LOAD linker stubs
LOAD C:/msys64/mingw64/bin/../lib/gcc/arm-none-eabi/13.3.0/../../../../arm-none-eabi/lib/thumb/v6-m/nofp\libc.a
LOAD C:/msys64/mingw64/bin/../lib/gcc/arm-none-eabi/13.3.0/../../../../arm-none-eabi/lib/thumb/v6-m/nofp\libm.a
LOAD C:/msys64/mingw64/bin/../lib/gcc/arm-none-eabi/13.3.0/thumb/v6-m/nofp\libgcc.a

.debug_line     0x00000000       0xbc
 .debug_line    0x00000000       0x75 C:\Users\michael\AppData\Local\Temp\cciz7vyd.o
 .debug_line    0x00000075       0x47 C:\Users\michael\AppData\Local\Temp\ccwQxKxm.o

.debug_line_str
                0x00000000       0x5a
 .debug_line_str
                0x00000000       0x5a C:\Users\michael\AppData\Local\Temp\cciz7vyd.o

.debug_info     0x00000000       0x98
 .debug_info    0x00000000       0x30 C:\Users\michael\AppData\Local\Temp\cciz7vyd.o
 .debug_info    0x00000030       0x68 C:\Users\michael\AppData\Local\Temp\ccwQxKxm.o

.debug_abbrev   0x00000000       0x75
 .debug_abbrev  0x00000000       0x24 C:\Users\michael\AppData\Local\Temp\cciz7vyd.o
 .debug_abbrev  0x00000024       0x51 C:\Users\michael\AppData\Local\Temp\ccwQxKxm.o

.debug_aranges  0x00000000       0x48
 .debug_aranges
                0x00000000       0x28 C:\Users\michael\AppData\Local\Temp\cciz7vyd.o
 .debug_aranges
                0x00000028       0x20 C:\Users\michael\AppData\Local\Temp\ccwQxKxm.o

.debug_str      0x00000000     0x2d59
 .debug_str     0x00000000     0x2d59 C:\Users\michael\AppData\Local\Temp\cciz7vyd.o
                                 0x74 (size before relaxing)
 .debug_str     0x00002d59        0x0 C:\Users\michael\AppData\Local\Temp\ccwQxKxm.o
                               0x2d29 (size before relaxing)

.debug_rnglists
                0x00000000       0x19
 .debug_rnglists
                0x00000000       0x19 C:\Users\michael\AppData\Local\Temp\cciz7vyd.o

.debug_macro    0x00000000      0xaad
 .debug_macro   0x00000000       0x11 C:\Users\michael\AppData\Local\Temp\ccwQxKxm.o
 .debug_macro   0x00000011      0xa9c C:\Users\michael\AppData\Local\Temp\ccwQxKxm.o

.comment        0x00000000       0x12
 .comment       0x00000000       0x12 C:\Users\michael\AppData\Local\Temp\ccwQxKxm.o
                                 0x13 (size before relaxing)

.debug_frame    0x00000000       0x2c
 .debug_frame   0x00000000       0x2c C:\Users\michael\AppData\Local\Temp\ccwQxKxm.o
